# This is the logging of `single-theta` that takes 15.5 hours to finish
amd@amd:~/julia_projects/uc/Uc2$ julia --project=. --threads=255,1 Script.jl
   julia> SEEDi=4, S=4000, NP=255, memory=494.0857810974121 GiB
Settings> Threads=(255,1), tid=1, pool=interactive
master built with N = 70
s= 1943
JuMP Modeling sub vec: 902.192793 seconds (53.64 G allocations: 1.470 TiB, 86.77% gc time, 123 lock conflicts, 97.92% compilation time: <1% of which was recompilation)
lb = -9.34246e+03
ini_lb!: 265.505005 seconds (723.95 k allocations: 35.298 MiB, 10 lock conflicts, 7.46% compilation time)
lb = -9.34246e+03
ite=4, vio=448.1380320669208, lb=3527.6874508176115
ite=8, vio=474.6505163002508, lb=3575.0096731426293
ite=12, vio=531.1608283474432, lb=3602.7979509918146
ite=16, vio=404.60183664801485, lb=3625.949817517484
ite=20, vio=287.0283555051545, lb=3661.606874232227
ite=24, vio=360.4191515780487, lb=3679.6910011898094
ite=28, vio=246.75863557545236, lb=3688.1800379094393
ite=32, vio=213.3695431975145, lb=3703.6375446213724
ite=36, vio=179.070460276959, lb=3717.8330649406016
ite=40, vio=191.79857123370468, lb=3720.5459797713193
ite=44, vio=187.81410091636843, lb=3726.4982409512572
ite=48, vio=166.5010851712851, lb=3734.1790430313417
ite=52, vio=181.69171197339426, lb=3739.501409694987
ite=56, vio=154.02996803279734, lb=3740.741640121611
ite=60, vio=164.22513809608807, lb=3747.4907758316235
ite=64, vio=159.57467637092154, lb=3754.898573353256
ite=68, vio=132.73636612924187, lb=3758.190198124568
ite=72, vio=160.86072036845331, lb=3762.54077632186
ite=76, vio=120.76475457396498, lb=3764.9132230911523
ite=80, vio=122.09253452235181, lb=3766.8330347478786
ite=84, vio=101.82754650991224, lb=3769.4064798655695
ite=88, vio=115.20841544101945, lb=3771.237448632539
ite=92, vio=121.15876336997096, lb=3774.9460180035344
ite=96, vio=124.28823698366247, lb=3778.6591847830027
ite=100, vio=93.08613978380384, lb=3780.6671632480375
ite=104, vio=122.7020544836088, lb=3781.2509088334
ite=108, vio=110.95250952562783, lb=3785.158149386087
ite=112, vio=94.01616132929688, lb=3788.0702494918864
ite=116, vio=112.14649866095884, lb=3788.953211114216
ite=120, vio=105.3308154085977, lb=3790.221222850793
ite=124, vio=79.79483308552253, lb=3791.4485462790312
ite=128, vio=95.8300413406021, lb=3792.096757973394
ite=132, vio=113.8435137833585, lb=3792.9826110724994
ite=136, vio=87.79197030873411, lb=3794.497571037589
ite=140, vio=86.2993027295298, lb=3796.350816524594
ite=144, vio=88.39339967903635, lb=3798.0133421241635
ite=148, vio=66.66783637302555, lb=3799.304062970327
ite=152, vio=94.41271124307113, lb=3800.6037919608616
ite=156, vio=79.25789592458727, lb=3801.274255946634
ite=160, vio=94.51488893195008, lb=3801.964665190777
ite=164, vio=90.01103646961134, lb=3804.245337310514
ite=168, vio=83.7293998534237, lb=3805.6320622867115
ite=172, vio=58.51414412307367, lb=3807.8589435740005
ite=176, vio=81.46734210808668, lb=3809.335512282131
ite=180, vio=70.01356819467992, lb=3810.3914781057724
ite=184, vio=68.53037140687601, lb=3811.941810654823
ite=188, vio=63.6406815966703, lb=3813.0025851562086
ite=192, vio=58.83013609026652, lb=3813.5753438321876
ite=196, vio=93.97118815989559, lb=3814.436058524557
ite=200, vio=58.10554852391174, lb=3815.2318676970363
ite=204, vio=53.426464707521724, lb=3816.173471159515
ite=208, vio=53.41558446154557, lb=3817.340789726936
ite=212, vio=59.24655658272654, lb=3817.5484086335487
ite=216, vio=52.979766481073106, lb=3817.7431343510575
ite=220, vio=62.063463370120154, lb=3818.0403667886353
ite=224, vio=45.55332992708962, lb=3819.0333020306985
ite=228, vio=61.017936497201674, lb=3819.4756872181915
ite=232, vio=63.1996794334664, lb=3819.9215094320416
ite=236, vio=43.18786704726564, lb=3822.268723812564
ite=240, vio=47.60179353538994, lb=3823.036614458377
Algo3: 55621.127197 seconds (9.48 M allocations: 523.312 MiB, 2082 lock conflicts, 0.01% compilation time)
Set parameter OutputFlag to value 1
Set parameter TimeLimit to value 300
Gurobi Optimizer version 13.0.1 build v13.0.1rc0 (linux64gpu - "Ubuntu 24.04.4 LTS")

CPU model: AMD EPYC 7763 64-Core Processor, instruction set [SSE2|AVX|AVX2]
Thread count: 128 physical cores, 256 logical processors, using up to 1 threads

GPU model: NVIDIA RTX A6000, CUDA compute version 8.6, NVIDIA driver compatible with CUDA version 13

Non-default parameters:
TimeLimit  300
Threads  1
PoolSolutions  2
PoolSearchMode  2

Optimize a model with 241 rows, 71 columns and 17111 nonzeros (Min)
Model fingerprint: 0xd07af181
Model has 1 linear objective coefficients
Variable types: 1 continuous, 70 integer (70 binary)
Coefficient statistics:
  Matrix range     [2e+02, 9e+06]
  Objective range  [1e+00, 1e+00]
  Bounds range     [1e+00, 1e+00]
  RHS range        [1e+07, 7e+07]

Found heuristic solution: objective 1.000000e+08
Presolve time: 0.02s
Presolved: 241 rows, 71 columns, 15441 nonzeros
Variable types: 1 continuous, 70 integer (70 binary)
Found heuristic solution: objective 9.999959e+07

Root relaxation: objective 3.823037e+03, 132 iterations, 0.01 seconds (0.01 work units)

    Nodes    |    Current Node    |     Objective Bounds      |     Work
 Expl Unexpl |  Obj  Depth IntInf | Incumbent    BestBd   Gap | It/Node Time

     0     0 3823.03661    0   33 1.0000e+08 3823.03661   100%     -    0s
H    0     0                    10718.246172 3823.03661  64.3%     -    0s
H    0     0                    10340.886956 3823.03661  63.0%     -    0s
H    0     0                    3904.8355296 3823.03661  2.09%     -    0s
H    0     0                    3855.0600126 3823.03661  0.83%     -    0s
H    0     0                    3846.1447885 3823.03661  0.60%     -    0s
H    0     0                    3839.8120028 3823.03661  0.44%     -    0s
H    0     0                    3834.7329311 3823.03661  0.31%     -    0s
H    0     0                    3833.1860750 3823.03661  0.26%     -    0s
H    0     0                    3832.1850878 3823.03661  0.24%     -    0s
     0     0 3823.04941    0   35 3832.18509 3823.04941  0.24%     -    0s
     0     0 3823.05426    0   34 3832.18509 3823.05426  0.24%     -    0s
     0     0 3823.05478    0   37 3832.18509 3823.05478  0.24%     -    0s
     0     0 3823.05481    0   38 3832.18509 3823.05481  0.24%     -    0s
     0     0 3823.07027    0   39 3832.18509 3823.07027  0.24%     -    0s
     0     0 3823.07822    0   38 3832.18509 3823.07822  0.24%     -    0s
     0     0 3823.07823    0   40 3832.18509 3823.07823  0.24%     -    0s
     0     0 3823.07974    0   39 3832.18509 3823.07974  0.24%     -    0s
     0     0 3823.08017    0   40 3832.18509 3823.08017  0.24%     -    0s
     0     0 3823.08026    0   39 3832.18509 3823.08026  0.24%     -    0s
     0     0 3823.08077    0   39 3832.18509 3823.08077  0.24%     -    0s
     0     0 3823.08100    0   39 3832.18509 3823.08100  0.24%     -    0s
     0     2 3823.08100    0   39 3832.18509 3823.08100  0.24%     -    0s
H  287   257                    3831.5367549 3823.11414  0.22%  10.0    0s
H  287   256                    3830.4881521 3823.11414  0.19%  10.0    0s
*  314   275              51    3829.6914095 3823.11414  0.17%   9.4    0s
H  764   535                    3829.4996907 3823.23707  0.16%  11.9    1s
*  767   496              56    3829.4542444 3823.23707  0.16%  11.9    1s
H  918   502                    3828.7797799 3823.60425  0.14%  12.0    1s
H 1190   562                    3828.7797052 3823.70722  0.13%  12.2    1s
H 3568  2035                    3828.7526508 3824.36036  0.11%  11.9    3s
  5584  3186 3828.01512   35   17 3828.75265 3824.63326  0.11%  11.7    5s
H 8924  4975                    3828.7296816 3824.88249  0.10%  11.4    6s
 10203  5387 3826.85820   23   39 3828.72968 3824.94770  0.10%  11.3   11s
 13962  6572 3825.68919   37   17 3828.72968 3824.94770  0.10%  11.3   15s
*15711  6692              66    3828.7186693 3824.94770  0.10%  11.2   15s
H22367  7666                    3828.0036667 3825.15533  0.07%  10.9   19s
H22372  6518                    3827.9975595 3825.15533  0.07%  10.9   19s
*22377  6285              67    3827.8061861 3825.15533  0.07%  10.9   19s
 23118  6400     cutoff   50      3827.80619 3825.19861  0.07%  10.9   20s
 32606 10817 3826.10929   42   17 3827.80619 3825.51879  0.06%  10.8   25s
 42127 14956 3826.39439   40   16 3827.80619 3825.71803  0.05%  10.8   30s
H46287 13999                    3827.6789967 3825.79354  0.05%  10.8   32s
 51074 15479 3827.07777   40   19 3827.67900 3825.86493  0.05%  10.7   35s
 61212 18422 3827.75931   57   11 3827.67900 3825.99108  0.04%  10.7   40s
 71414 21024 3827.79609   46   11 3827.67900 3826.10437  0.04%  10.7   45s
 81311 23432 3826.35462   37   17 3827.67900 3826.20097  0.04%  10.6   50s
 91359 25502 3826.89116   42   17 3827.67900 3826.28559  0.04%  10.5   55s
 99937 27143 3826.89467   37   20 3827.67900 3826.35074  0.03%  10.5   60s
 110243 28968 3826.51300   34   19 3827.67900 3826.42241  0.03%  10.5   65s
 120482 30543     cutoff   42      3827.67900 3826.48781  0.03%  10.4   70s
 130576 31771     cutoff   41      3827.67900 3826.55092  0.03%  10.4   75s
 140306 32877 3826.99227   40   24 3827.67900 3826.60943  0.03%  10.4   80s
 150345 33823 3827.43499   40   17 3827.67900 3826.66404  0.03%  10.3   85s
 160620 34528 3827.48245   47   13 3827.67900 3826.72001  0.03%  10.3   90s
 170436 34963 3827.30435   39   19 3827.67900 3826.77276  0.02%  10.3   95s
 179500 35155 3826.99114   42   18 3827.67900 3826.81872  0.02%  10.3  100s
 189368 35259     cutoff   41      3827.67900 3826.87345  0.02%  10.2  105s
 199388 35084     cutoff   44      3827.67900 3826.92415  0.02%  10.2  110s
 209980 34507     cutoff   48      3827.67900 3826.98043  0.02%  10.2  115s
 219682 33620     cutoff   36      3827.67900 3827.03887  0.02%  10.2  120s
 229692 32241 3827.68410   47   13 3827.67900 3827.10432  0.02%  10.2  125s
 239930 30391     cutoff   45      3827.67900 3827.17748  0.01%  10.1  130s
 248926 28179     cutoff   56      3827.67900 3827.25125  0.01%  10.1  135s
 257428 25212     cutoff   46      3827.67900 3827.35113  0.01%  10.1  140s

Cutting planes:
  Gomory: 8
  MIR: 1

Explored 261891 nodes (2641283 simplex iterations) in 142.34 seconds (148.30 work units)
Thread count was 1 (of 256 available processors)

Solution count 2: 3827.68 3827.81 
No other solutions better than 3827.81

Optimal solution found (tolerance 1.00e-04)
Best objective 3.827678996713e+03, best bound 3.827423442517e+03, gap 0.0067%

User-callback calls 111556, time in user-callback 0.06 sec
eval_MIP_Runtime = 142.33732914924622
Sol=1: lb = 3827.4234425168024 < 3865.634651420165 = ub, agap = 38.2112089033626, rgap = 0.00988484746982607
final_eval: 368.810152 seconds (900.99 k allocations: 39.778 MiB, 28 lock conflicts, 1.14% compilation time)
ending memory=272.7938117980957GiB
   julia> SEEDi=5, S=5000, NP=255, memory=272.7769889831543 GiB
# We don't do this as the time requirement is harsh
